[
  {
    "Item1": "BTC",
    "Item2": {
      "BTC/USD": {
        "Trade": {
          "AssetName": "BTC/USD",
          "AssetType": "Spot",
          "BaseAsset": "BTC",
          "Amount": -10.0010,
          "LimitPrice": 47503.0,
          "PostPrice": true,
          "Expiry": null,
          "Id": "9a68c1f4-ed02-42fb-af74-d80b7ddb71af",
          "IsTradable": true,
          "Side": "Sell",
          "Value": 475077.50300
        },
        "Success": true,
        "Order": {
          "Id": 1,
          "AssetName": "BTC/USD",
          "Created": "2021-12-04T12:22:28.401104Z",
          "OrderSide": "Sell",
          "OrderStatus": "Open",
          "Amount": 10.0010,
          "AmountRemaining": 10.0010,
          "LimitPrice": 47503.0,
          "ClientId": null,
          "Completed": 0.0
        },
        "Error": null,
        "ErrorCode": null
      }
    },
    "Item3": {
      "BTC": {
        "AssetName": "BTC",
        "BaseAsset": "BTC",
        "AssetType": "Spot",
        "Amount": 10.0
      }
    }
  },
  {
    "Item1": "BTC",
    "Item2": {
      "BTC/USD": {
        "Trade": {
          "AssetName": "BTC/USD",
          "AssetType": "Spot",
          "BaseAsset": "BTC",
          "Amount": -10.0010,
          "LimitPrice": 47503.0,
          "PostPrice": true,
          "Expiry": null,
          "Id": "9a68c1f4-ed02-42fb-af74-d80b7ddb71af",
          "IsTradable": true,
          "Side": "Sell",
          "Value": 475077.50300
        },
        "Success": true,
        "Order": {
          "Id": 1,
          "AssetName": "BTC/USD",
          "Created": "2021-12-04T12:22:28.401104Z",
          "OrderSide": "Sell",
          "OrderStatus": "Open",
          "Amount": 10.0010,
          "AmountRemaining": 10.0010,
          "LimitPrice": 47503.0,
          "ClientId": null,
          "Completed": 0.0
        },
        "Error": null,
        "ErrorCode": null
      }
    },
    "Item3": {
      "BTC": {
        "AssetName": "BTC",
        "BaseAsset": "BTC",
        "AssetType": "Spot",
        "Amount": 10.0
      }
    }
  },
  {
    "Item1": "BTC",
    "Item2": {
      "BTC/USD": {
        "Trade": {
          "AssetName": "BTC/USD",
          "AssetType": "Spot",
          "BaseAsset": "BTC",
          "Amount": -10.0010,
          "LimitPrice": 47503.0,
          "PostPrice": true,
          "Expiry": null,
          "Id": "9a68c1f4-ed02-42fb-af74-d80b7ddb71af",
          "IsTradable": true,
          "Side": "Sell",
          "Value": 475077.50300
        },
        "Success": true,
        "Order": {
          "Id": 1,
          "AssetName": "BTC/USD",
          "Created": "2021-12-04T12:22:28.401104Z",
          "OrderSide": "Sell",
          "OrderStatus": "Filled",
          "Amount": 10.0010,
          "AmountRemaining": 0.0,
          "LimitPrice": 47503.0,
          "ClientId": null,
          "Completed": 1.0
        },
        "Error": null,
        "ErrorCode": null
      }
    },
    "Item3": {
      "BTC": {
        "AssetName": "BTC",
        "BaseAsset": "BTC",
        "AssetType": "Spot",
        "Amount": 10.0
      }
    }
  }
]
