[
  {
    "AssetName": "CRO/USD",
    "AssetType": "Spot",
    "Amount": 1608.3333,
    "LimitPrice": 0.6000,
    "Expiry": null
  },
  {
    "AssetName": "DOGE/USD",
    "AssetType": "Spot",
    "Amount": -3750.0000,
    "LimitPrice": 0.1800,
    "Expiry": null
  },
  {
    "AssetName": "ETH/USD",
    "AssetType": "Spot",
    "Amount": 0.1561,
    "LimitPrice": 4354.0000,
    "Expiry": null
  },
  {
    "AssetName": "FTT/USD",
    "AssetType": "Spot",
    "Amount": -6.3724,
    "LimitPrice": 43.9400,
    "Expiry": null
  },
  {
    "AssetName": "LINK/USD",
    "AssetType": "Spot",
    "Amount": -56.7323,
    "LimitPrice": 19.8300,
    "Expiry": null
  },
  {
    "AssetName": "LTC/USD",
    "AssetType": "Spot",
    "Amount": -3.2203,
    "LimitPrice": 161.4800,
    "Expiry": null
  },
  {
    "AssetName": "UNI/USD",
    "AssetType": "Spot",
    "Amount": -20.4848,
    "LimitPrice": 17.3300,
    "Expiry": null
  },
  {
    "AssetName": "XRP/USD",
    "AssetType": "Spot",
    "Amount": -1054.2169,
    "LimitPrice": 0.8300,
    "Expiry": null
  }
]
