[
  {
    "Symbol": "DOGE",
    "AssetType": "Future",
    "Amount": -2541.0,
    "LimitPrice": 0.21743,
    "OrderType": "Limit",
    "PostPrice": true,
    "Expiry": null,
    "ClientOrderId": null,
    "AbsoluteAmount": 2541.0,
    "OrderSide": "Sell"
  },
  {
    "Symbol": "LINK",
    "AssetType": "Future",
    "Amount": -22.6,
    "LimitPrice": 22.234,
    "OrderType": "Limit",
    "PostPrice": true,
    "Expiry": null,
    "ClientOrderId": null,
    "AbsoluteAmount": 22.6,
    "OrderSide": "Sell"
  },
  {
    "Symbol": "XRP",
    "AssetType": "Future",
    "Amount": -211.0,
    "LimitPrice": 2.8255,
    "OrderType": "Limit",
    "PostPrice": true,
    "Expiry": null,
    "ClientOrderId": null,
    "AbsoluteAmount": 211.0,
    "OrderSide": "Sell"
  },
  {
    "Symbol": "ETH",
    "AssetType": "Future",
    "Amount": 0.1242,
    "LimitPrice": 4297.4,
    "OrderType": "Limit",
    "PostPrice": true,
    "Expiry": null,
    "ClientOrderId": null,
    "AbsoluteAmount": 0.1242,
    "OrderSide": "Buy"
  },
  {
    "Symbol": "BNB",
    "AssetType": "Future",
    "Amount": 1.593,
    "LimitPrice": 871.59,
    "OrderType": "Limit",
    "PostPrice": true,
    "Expiry": null,
    "ClientOrderId": null,
    "AbsoluteAmount": 1.593,
    "OrderSide": "Buy"
  },
  {
    "Symbol": "TRX",
    "AssetType": "Future",
    "Amount": -1540.0,
    "LimitPrice": 0.32691,
    "OrderType": "Limit",
    "PostPrice": true,
    "Expiry": null,
    "ClientOrderId": null,
    "AbsoluteAmount": 1540.0,
    "OrderSide": "Sell"
  },
  {
    "Symbol": "ADA",
    "AssetType": "Future",
    "Amount": -669.0,
    "LimitPrice": 0.82744,
    "OrderType": "Limit",
    "PostPrice": true,
    "Expiry": null,
    "ClientOrderId": null,
    "AbsoluteAmount": 669.0,
    "OrderSide": "Sell"
  }
]
