[
  {
    "AssetName": "XRP/USD",
    "AssetType": "Spot",
    "BaseAsset": "XRP",
    "Amount": -680.0,
    "LimitPrice": 0.784975,
    "PostPrice": true,
    "Expiry": null,
    "Id": "cda5bff1-a030-46a9-8794-f2148a3f309c",
    "IsTradable": true,
    "Side": "Sell",
    "Value": 533.7830000
  },
  {
    "AssetName": "LINK/USD",
    "AssetType": "Spot",
    "BaseAsset": "LINK",
    "Amount": -44.6,
    "LimitPrice": 19.4420,
    "PostPrice": true,
    "Expiry": null,
    "Id": "aa460ecd-0093-4948-987f-83fb94d3d81e",
    "IsTradable": true,
    "Side": "Sell",
    "Value": 867.11320
  },
  {
    "AssetName": "FTT-PERP",
    "AssetType": "Future",
    "BaseAsset": "FTT",
    "Amount": -6.6,
    "LimitPrice": 43.1870,
    "PostPrice": true,
    "Expiry": null,
    "Id": "ecc64329-0df2-46ce-ba43-6490819935fd",
    "IsTradable": true,
    "Side": "Sell",
    "Value": 285.03420
  },
  {
    "AssetName": "CRO-PERP",
    "AssetType": "Future",
    "BaseAsset": "CRO",
    "Amount": 1980.0,
    "LimitPrice": 0.548750,
    "PostPrice": true,
    "Expiry": null,
    "Id": "8915a973-f65e-468c-a79d-8bcebca8655d",
    "IsTradable": true,
    "Side": "Buy",
    "Value": 1086.5250000
  },
  {
    "AssetName": "DOGE/USD",
    "AssetType": "Spot",
    "BaseAsset": "DOGE",
    "Amount": -3774.0,
    "LimitPrice": 0.1636025,
    "PostPrice": true,
    "Expiry": null,
    "Id": "cdd8e090-a8b4-4c9f-bca5-6b8f0af145d7",
    "IsTradable": true,
    "Side": "Sell",
    "Value": 617.43583500
  },
  {
    "AssetName": "ETH/USD",
    "AssetType": "Spot",
    "BaseAsset": "ETH",
    "Amount": 0.106,
    "LimitPrice": 3957.5,
    "PostPrice": true,
    "Expiry": null,
    "Id": "0e38e5ff-e684-463b-a8b0-c30a7f3ccb35",
    "IsTradable": true,
    "Side": "Buy",
    "Value": 419.4950
  }
]
