[
  {
    "AssetName": "LINK/USD",
    "AssetType": "Spot",
    "Amount": -20.6,
    "LimitPrice": 19.363,
    "PostPrice": false,
    "Expiry": null,
    "ClientOrderId": null,
    "IsTradable": true
  },
  {
    "AssetName": "UNI/USD",
    "AssetType": "Spot",
    "Amount": -18.6,
    "LimitPrice": 15.809,
    "PostPrice": false,
    "Expiry": null,
    "ClientOrderId": null,
    "IsTradable": true
  },
  {
    "AssetName": "FTT-PERP",
    "AssetType": "Future",
    "Amount": -12.5,
    "LimitPrice": 39.8085,
    "PostPrice": false,
    "Expiry": null,
    "ClientOrderId": null,
    "IsTradable": true
  },
  {
    "AssetName": "LTC/USD",
    "AssetType": "Spot",
    "Amount": -5.50,
    "LimitPrice": 148.795,
    "PostPrice": false,
    "Expiry": null,
    "ClientOrderId": null,
    "IsTradable": true
  },
  {
    "AssetName": "BTC/USD",
    "AssetType": "Spot",
    "Amount": -0.0181,
    "LimitPrice": 46734.0,
    "PostPrice": false,
    "Expiry": null,
    "ClientOrderId": null,
    "IsTradable": true
  },
  {
    "AssetName": "BCH/USD",
    "AssetType": "Spot",
    "Amount": -0.508,
    "LimitPrice": 434.25,
    "PostPrice": false,
    "Expiry": null,
    "ClientOrderId": null,
    "IsTradable": true
  },
  {
    "AssetName": "ETH-PERP",
    "AssetType": "Future",
    "Amount": 0.096,
    "LimitPrice": 3942.9,
    "PostPrice": false,
    "Expiry": null,
    "ClientOrderId": null,
    "IsTradable": true
  }
]
